// Jest Snapshot v1, https://goo.gl/fbAQLP

exports[`MovieList is rendered correctly 1`] = `
<Route
  render={[Function]}
/>
`;
