// Jest Snapshot v1, https://goo.gl/fbAQLP

exports[`Footer is rendered correctly 1`] = `
<div
  className="footer"
>
  <div
    className="logo"
  >
    Netflixtrullete
  </div>
</div>
`;
